// Jest Snapshot v1, https://goo.gl/fbAQLP

exports[`<TextField /> renders component 1`] = `
.c0 {
  width: 78%;
  padding: 12px 16px;
  outline: 0;
  border: 1px solid #4d4d4d;
  border-radius: 5px;
}

<input
  class="c0"
  name="nome"
  placeholder="Nome"
  type="input"
  value="Fiama"
/>
`;
