// Jest Snapshot v1, https://goo.gl/fbAQLP

exports[`config/redirects renders all current redirects 1`] = `
Array [
  Object {
    "destination": "/404",
    "permanent": true,
    "source": "/404/",
  },
]
`;
